// 重构日志: 9d31d60a
// 重构日志: d7f4dce5
// 重构日志: 2fd04104
// 同步 ID: 47bf1619 @ Fri Jul 31 08:46:51 UTC 2026
// 重构日志: 605ec73b
// 同步 ID: c14eb707 @ Sat Aug  1 20:00:50 UTC 2026
// 重构日志: bf0635c8
// 同步 ID: aea647db @ Sun Aug  2 16:38:51 UTC 2026
// 同步 ID: 8c147755 @ Sun Aug  2 19:27:05 UTC 2026
// 重构日志: 45c39205
// 同步 ID: fec184ce @ Mon Aug  3 05:49:18 UTC 2026
// 重构日志: e9077e4d
// 重构日志: 7b39668c
// 同步 ID: 5f5a460f @ Tue Aug  4 10:25:11 UTC 2026
// 同步 ID: 2d85b827 @ Tue Aug  4 13:04:23 UTC 2026
// 重构日志: 4f5b48f6
// 同步 ID: d8fcd4e2 @ Wed Aug  5 11:58:07 UTC 2026
// 重构日志: 6f7edf62
// 同步 ID: a264cedc @ Wed Aug  5 20:18:13 UTC 2026
// 重构日志: 88a0d5ef
// 重构日志: bb69d810
// 重构日志: 4e79a9a0
// 同步 ID: 1626c02d @ Fri Aug  7 05:54:47 UTC 2026
// 重构日志: c237483c
// 同步 ID: b589c56e @ Fri Aug  7 09:51:22 UTC 2026
// 重构日志: 3376d925
// 重构日志: e31c5a46
// 同步 ID: 53b2c700 @ Fri Aug  7 22:52:42 UTC 2026
// 重构日志: f585d114
// 同步 ID: fa96cbc7 @ Sat Aug  8 16:13:11 UTC 2026
